                                                                                                                                                                                                                            08:20 Saturday, January 25, 2014   1

                                                                                                                                                                                                       Min_    Max_                            Max_Con_
                                                                                                                                                                                                       Wald    Prob    Max_VIF_  Max_Pearson_   Index_   n_beta_
Obs  Method                                                                             Model                                                                             N_Var  AR_Train  AR_Valid   ChiSq    ChiSq     Train       Train       Train    minus

 1   Expert  WOE_ACT_CC WOE_ACT_CINS_MIN_SENIORITY WOE_ACT_CINS_N_STATC WOE_APP_CHAR_JOB_CODE WOE_APP_CHAR_MARITAL_STATUS WOE_APP_LOAN_AMOUNT WOE_APP_NUMBER_OF_CHILDREN    7     0.59513   0.59385  8770.46  <.0001    1.08828     0.23354     37.3591     0   
